// Jest Snapshot v1, https://goo.gl/fbAQLP

exports[`Invokes Unipilot Factory Tests Testing Factory : Should take gas snapshot of create vault func 1`] = `4250414`;
